Archive member included because of file (symbol)

/Users/wolfgangmeyerle/pebble-dev/PebbleSDK-2.0.2/Pebble/lib/libpebble.a(tmpMw9aXupebble.o)
                              src/Xperience.c.7.o (app_event_loop)
/Users/wolfgangmeyerle/pebble-dev/PebbleSDK-2.0.2/arm-cs-tools/bin/../lib/gcc/arm-none-eabi/4.7.2/thumb2/libgcc.a(_arm_addsubdf3.o)
                              src/Xperience.c.7.o (__aeabi_dsub)
/Users/wolfgangmeyerle/pebble-dev/PebbleSDK-2.0.2/arm-cs-tools/bin/../lib/gcc/arm-none-eabi/4.7.2/thumb2/libgcc.a(_arm_cmpdf2.o)
                              src/Xperience.c.7.o (__aeabi_dcmplt)
/Users/wolfgangmeyerle/pebble-dev/PebbleSDK-2.0.2/arm-cs-tools/bin/../lib/gcc/arm-none-eabi/4.7.2/thumb2/libgcc.a(_arm_fixdfsi.o)
                              src/Xperience.c.7.o (__aeabi_d2iz)

Discarded input sections

 .text          0x0000000000000000        0x0 /Users/wolfgangmeyerle/pebble-dev/PebbleSDK-2.0.2/arm-cs-tools/bin/../lib/gcc/arm-none-eabi/4.7.2/thumb2/crti.o
 .bss           0x0000000000000000        0x0 /Users/wolfgangmeyerle/pebble-dev/PebbleSDK-2.0.2/arm-cs-tools/bin/../lib/gcc/arm-none-eabi/4.7.2/thumb2/crti.o
 .init          0x0000000000000000        0x4 /Users/wolfgangmeyerle/pebble-dev/PebbleSDK-2.0.2/arm-cs-tools/bin/../lib/gcc/arm-none-eabi/4.7.2/thumb2/crti.o
 .fini          0x0000000000000000        0x4 /Users/wolfgangmeyerle/pebble-dev/PebbleSDK-2.0.2/arm-cs-tools/bin/../lib/gcc/arm-none-eabi/4.7.2/thumb2/crti.o
 .text          0x0000000000000000       0xc8 /Users/wolfgangmeyerle/pebble-dev/PebbleSDK-2.0.2/arm-cs-tools/bin/../lib/gcc/arm-none-eabi/4.7.2/thumb2/crtbegin.o
 .bss           0x0000000000000000       0x1c /Users/wolfgangmeyerle/pebble-dev/PebbleSDK-2.0.2/arm-cs-tools/bin/../lib/gcc/arm-none-eabi/4.7.2/thumb2/crtbegin.o
 .init_array    0x0000000000000000        0x4 /Users/wolfgangmeyerle/pebble-dev/PebbleSDK-2.0.2/arm-cs-tools/bin/../lib/gcc/arm-none-eabi/4.7.2/thumb2/crtbegin.o
 .fini_array    0x0000000000000000        0x4 /Users/wolfgangmeyerle/pebble-dev/PebbleSDK-2.0.2/arm-cs-tools/bin/../lib/gcc/arm-none-eabi/4.7.2/thumb2/crtbegin.o
 .eh_frame      0x0000000000000000        0x0 /Users/wolfgangmeyerle/pebble-dev/PebbleSDK-2.0.2/arm-cs-tools/bin/../lib/gcc/arm-none-eabi/4.7.2/thumb2/crtbegin.o
 .jcr           0x0000000000000000        0x0 /Users/wolfgangmeyerle/pebble-dev/PebbleSDK-2.0.2/arm-cs-tools/bin/../lib/gcc/arm-none-eabi/4.7.2/thumb2/crtbegin.o
 .tm_clone_table
                0x0000000000000000        0x0 /Users/wolfgangmeyerle/pebble-dev/PebbleSDK-2.0.2/arm-cs-tools/bin/../lib/gcc/arm-none-eabi/4.7.2/thumb2/crtbegin.o
 .text          0x0000000000000000        0x0 src/Xperience.c.7.o
 .bss           0x0000000000000000        0x0 src/Xperience.c.7.o
 .rodata.NR_DIGITS_DEFINED
                0x0000000000000000        0x4 src/Xperience.c.7.o
 .rodata.NR_LINES_DEFINED
                0x0000000000000000        0x4 src/Xperience.c.7.o
 .rodata.SCREEN_HEIGHT
                0x0000000000000000        0x4 src/Xperience.c.7.o
 .rodata.NR_FACES_DEFINED
                0x0000000000000000        0x4 src/Xperience.c.7.o
 .rodata.SCREEN_WIDTH
                0x0000000000000000        0x4 src/Xperience.c.7.o
 .rodata.NR_FACES_CALCULATED
                0x0000000000000000        0x4 src/Xperience.c.7.o
 .text          0x0000000000000000        0x0 appinfo.auto.c.7.o
 .bss           0x0000000000000000        0x0 appinfo.auto.c.7.o
 .bss           0x0000000000000000        0x0 /Users/wolfgangmeyerle/pebble-dev/PebbleSDK-2.0.2/Pebble/lib/libpebble.a(tmpMw9aXupebble.o)
 .text.accel_data_service_subscribe__deprecated
                0x0000000000000000        0xc /Users/wolfgangmeyerle/pebble-dev/PebbleSDK-2.0.2/Pebble/lib/libpebble.a(tmpMw9aXupebble.o)
 .text.accel_data_service_unsubscribe
                0x0000000000000000        0xc /Users/wolfgangmeyerle/pebble-dev/PebbleSDK-2.0.2/Pebble/lib/libpebble.a(tmpMw9aXupebble.o)
 .text.accel_service_peek
                0x0000000000000000        0xc /Users/wolfgangmeyerle/pebble-dev/PebbleSDK-2.0.2/Pebble/lib/libpebble.a(tmpMw9aXupebble.o)
 .text.accel_service_set_samples_per_update
                0x0000000000000000        0xc /Users/wolfgangmeyerle/pebble-dev/PebbleSDK-2.0.2/Pebble/lib/libpebble.a(tmpMw9aXupebble.o)
 .text.accel_service_set_sampling_rate
                0x0000000000000000        0xc /Users/wolfgangmeyerle/pebble-dev/PebbleSDK-2.0.2/Pebble/lib/libpebble.a(tmpMw9aXupebble.o)
 .text.accel_tap_service_subscribe
                0x0000000000000000        0xc /Users/wolfgangmeyerle/pebble-dev/PebbleSDK-2.0.2/Pebble/lib/libpebble.a(tmpMw9aXupebble.o)
 .text.accel_tap_service_unsubscribe
                0x0000000000000000        0xc /Users/wolfgangmeyerle/pebble-dev/PebbleSDK-2.0.2/Pebble/lib/libpebble.a(tmpMw9aXupebble.o)
 .text.action_bar_layer_add_to_window
                0x0000000000000000        0xc /Users/wolfgangmeyerle/pebble-dev/PebbleSDK-2.0.2/Pebble/lib/libpebble.a(tmpMw9aXupebble.o)
 .text.action_bar_layer_clear_icon
                0x0000000000000000        0xc /Users/wolfgangmeyerle/pebble-dev/PebbleSDK-2.0.2/Pebble/lib/libpebble.a(tmpMw9aXupebble.o)
 .text.action_bar_layer_create
                0x0000000000000000        0xc /Users/wolfgangmeyerle/pebble-dev/PebbleSDK-2.0.2/Pebble/lib/libpebble.a(tmpMw9aXupebble.o)
 .text.action_bar_layer_destroy
                0x0000000000000000        0xc /Users/wolfgangmeyerle/pebble-dev/PebbleSDK-2.0.2/Pebble/lib/libpebble.a(tmpMw9aXupebble.o)
 .text.action_bar_layer_get_layer
                0x0000000000000000        0xc /Users/wolfgangmeyerle/pebble-dev/PebbleSDK-2.0.2/Pebble/lib/libpebble.a(tmpMw9aXupebble.o)
 .text.action_bar_layer_remove_from_window
                0x0000000000000000        0xc /Users/wolfgangmeyerle/pebble-dev/PebbleSDK-2.0.2/Pebble/lib/libpebble.a(tmpMw9aXupebble.o)
 .text.action_bar_layer_set_background_color
                0x0000000000000000        0xc /Users/wolfgangmeyerle/pebble-dev/PebbleSDK-2.0.2/Pebble/lib/libpebble.a(tmpMw9aXupebble.o)
 .text.action_bar_layer_set_click_config_provider
                0x0000000000000000        0xc /Users/wolfgangmeyerle/pebble-dev/PebbleSDK-2.0.2/Pebble/lib/libpebble.a(tmpMw9aXupebble.o)
 .text.action_bar_layer_set_context
                0x0000000000000000        0xc /Users/wolfgangmeyerle/pebble-dev/PebbleSDK-2.0.2/Pebble/lib/libpebble.a(tmpMw9aXupebble.o)
 .text.action_bar_layer_set_icon
                0x0000000000000000        0xc /Users/wolfgangmeyerle/pebble-dev/PebbleSDK-2.0.2/Pebble/lib/libpebble.a(tmpMw9aXupebble.o)
 .text.animation_create
                0x0000000000000000        0xc /Users/wolfgangmeyerle/pebble-dev/PebbleSDK-2.0.2/Pebble/lib/libpebble.a(tmpMw9aXupebble.o)
 .text.animation_destroy
                0x0000000000000000        0xc /Users/wolfgangmeyerle/pebble-dev/PebbleSDK-2.0.2/Pebble/lib/libpebble.a(tmpMw9aXupebble.o)
 .text.animation_get_context
                0x0000000000000000        0xc /Users/wolfgangmeyerle/pebble-dev/PebbleSDK-2.0.2/Pebble/lib/libpebble.a(tmpMw9aXupebble.o)
 .text.animation_is_scheduled
                0x0000000000000000        0xc /Users/wolfgangmeyerle/pebble-dev/PebbleSDK-2.0.2/Pebble/lib/libpebble.a(tmpMw9aXupebble.o)
 .text.animation_schedule
                0x0000000000000000        0xc /Users/wolfgangmeyerle/pebble-dev/PebbleSDK-2.0.2/Pebble/lib/libpebble.a(tmpMw9aXupebble.o)
 .text.animation_set_curve
                0x0000000000000000        0xc /Users/wolfgangmeyerle/pebble-dev/PebbleSDK-2.0.2/Pebble/lib/libpebble.a(tmpMw9aXupebble.o)
 .text.animation_set_delay
                0x0000000000000000        0xc /Users/wolfgangmeyerle/pebble-dev/PebbleSDK-2.0.2/Pebble/lib/libpebble.a(tmpMw9aXupebble.o)
 .text.animation_set_duration
                0x0000000000000000        0xc /Users/wolfgangmeyerle/pebble-dev/PebbleSDK-2.0.2/Pebble/lib/libpebble.a(tmpMw9aXupebble.o)
 .text.animation_set_handlers
                0x0000000000000000        0xc /Users/wolfgangmeyerle/pebble-dev/PebbleSDK-2.0.2/Pebble/lib/libpebble.a(tmpMw9aXupebble.o)
 .text.animation_set_implementation
                0x0000000000000000        0xc /Users/wolfgangmeyerle/pebble-dev/PebbleSDK-2.0.2/Pebble/lib/libpebble.a(tmpMw9aXupebble.o)
 .text.animation_unschedule
                0x0000000000000000        0xc /Users/wolfgangmeyerle/pebble-dev/PebbleSDK-2.0.2/Pebble/lib/libpebble.a(tmpMw9aXupebble.o)
 .text.animation_unschedule_all
                0x0000000000000000        0xc /Users/wolfgangmeyerle/pebble-dev/PebbleSDK-2.0.2/Pebble/lib/libpebble.a(tmpMw9aXupebble.o)
 .text.app_comm_get_sniff_interval
                0x0000000000000000        0xc /Users/wolfgangmeyerle/pebble-dev/PebbleSDK-2.0.2/Pebble/lib/libpebble.a(tmpMw9aXupebble.o)
 .text.app_comm_set_sniff_interval
                0x0000000000000000        0xc /Users/wolfgangmeyerle/pebble-dev/PebbleSDK-2.0.2/Pebble/lib/libpebble.a(tmpMw9aXupebble.o)
 .text.app_message_deregister_callbacks
                0x0000000000000000        0xc /Users/wolfgangmeyerle/pebble-dev/PebbleSDK-2.0.2/Pebble/lib/libpebble.a(tmpMw9aXupebble.o)
 .text.app_sync_deinit
                0x0000000000000000        0xc /Users/wolfgangmeyerle/pebble-dev/PebbleSDK-2.0.2/Pebble/lib/libpebble.a(tmpMw9aXupebble.o)
 .text.app_sync_get
                0x0000000000000000        0xc /Users/wolfgangmeyerle/pebble-dev/PebbleSDK-2.0.2/Pebble/lib/libpebble.a(tmpMw9aXupebble.o)
 .text.app_sync_set
                0x0000000000000000        0xc /Users/wolfgangmeyerle/pebble-dev/PebbleSDK-2.0.2/Pebble/lib/libpebble.a(tmpMw9aXupebble.o)
 .text.app_timer_cancel
                0x0000000000000000        0xc /Users/wolfgangmeyerle/pebble-dev/PebbleSDK-2.0.2/Pebble/lib/libpebble.a(tmpMw9aXupebble.o)
 .text.app_timer_register
                0x0000000000000000        0xc /Users/wolfgangmeyerle/pebble-dev/PebbleSDK-2.0.2/Pebble/lib/libpebble.a(tmpMw9aXupebble.o)
 .text.app_timer_reschedule
                0x0000000000000000        0xc /Users/wolfgangmeyerle/pebble-dev/PebbleSDK-2.0.2/Pebble/lib/libpebble.a(tmpMw9aXupebble.o)
 .text.atan2_lookup
                0x0000000000000000        0xc /Users/wolfgangmeyerle/pebble-dev/PebbleSDK-2.0.2/Pebble/lib/libpebble.a(tmpMw9aXupebble.o)
 .text.atoi     0x0000000000000000        0xc /Users/wolfgangmeyerle/pebble-dev/PebbleSDK-2.0.2/Pebble/lib/libpebble.a(tmpMw9aXupebble.o)
 .text.atol     0x0000000000000000        0xc /Users/wolfgangmeyerle/pebble-dev/PebbleSDK-2.0.2/Pebble/lib/libpebble.a(tmpMw9aXupebble.o)
 .text.bitmap_layer_create
                0x0000000000000000        0xc /Users/wolfgangmeyerle/pebble-dev/PebbleSDK-2.0.2/Pebble/lib/libpebble.a(tmpMw9aXupebble.o)
 .text.bitmap_layer_destroy
                0x0000000000000000        0xc /Users/wolfgangmeyerle/pebble-dev/PebbleSDK-2.0.2/Pebble/lib/libpebble.a(tmpMw9aXupebble.o)
 .text.bitmap_layer_get_layer
                0x0000000000000000        0xc /Users/wolfgangmeyerle/pebble-dev/PebbleSDK-2.0.2/Pebble/lib/libpebble.a(tmpMw9aXupebble.o)
 .text.bitmap_layer_set_alignment
                0x0000000000000000        0xc /Users/wolfgangmeyerle/pebble-dev/PebbleSDK-2.0.2/Pebble/lib/libpebble.a(tmpMw9aXupebble.o)
 .text.bitmap_layer_set_background_color
                0x0000000000000000        0xc /Users/wolfgangmeyerle/pebble-dev/PebbleSDK-2.0.2/Pebble/lib/libpebble.a(tmpMw9aXupebble.o)
 .text.bitmap_layer_set_bitmap
                0x0000000000000000        0xc /Users/wolfgangmeyerle/pebble-dev/PebbleSDK-2.0.2/Pebble/lib/libpebble.a(tmpMw9aXupebble.o)
 .text.bitmap_layer_set_compositing_mode
                0x0000000000000000        0xc /Users/wolfgangmeyerle/pebble-dev/PebbleSDK-2.0.2/Pebble/lib/libpebble.a(tmpMw9aXupebble.o)
 .text.click_number_of_clicks_counted
                0x0000000000000000        0xc /Users/wolfgangmeyerle/pebble-dev/PebbleSDK-2.0.2/Pebble/lib/libpebble.a(tmpMw9aXupebble.o)
 .text.click_recognizer_get_button_id
                0x0000000000000000        0xc /Users/wolfgangmeyerle/pebble-dev/PebbleSDK-2.0.2/Pebble/lib/libpebble.a(tmpMw9aXupebble.o)
 .text.clock_copy_time_string
                0x0000000000000000        0xc /Users/wolfgangmeyerle/pebble-dev/PebbleSDK-2.0.2/Pebble/lib/libpebble.a(tmpMw9aXupebble.o)
 .text.clock_is_24h_style
                0x0000000000000000        0xc /Users/wolfgangmeyerle/pebble-dev/PebbleSDK-2.0.2/Pebble/lib/libpebble.a(tmpMw9aXupebble.o)
 .text.cos_lookup
                0x0000000000000000        0xc /Users/wolfgangmeyerle/pebble-dev/PebbleSDK-2.0.2/Pebble/lib/libpebble.a(tmpMw9aXupebble.o)
 .text.data_logging_create
                0x0000000000000000        0xc /Users/wolfgangmeyerle/pebble-dev/PebbleSDK-2.0.2/Pebble/lib/libpebble.a(tmpMw9aXupebble.o)
 .text.data_logging_finish
                0x0000000000000000        0xc /Users/wolfgangmeyerle/pebble-dev/PebbleSDK-2.0.2/Pebble/lib/libpebble.a(tmpMw9aXupebble.o)
 .text.data_logging_log
                0x0000000000000000        0xc /Users/wolfgangmeyerle/pebble-dev/PebbleSDK-2.0.2/Pebble/lib/libpebble.a(tmpMw9aXupebble.o)
 .text.dict_calc_buffer_size
                0x0000000000000000        0xc /Users/wolfgangmeyerle/pebble-dev/PebbleSDK-2.0.2/Pebble/lib/libpebble.a(tmpMw9aXupebble.o)
 .text.dict_find
                0x0000000000000000        0xc /Users/wolfgangmeyerle/pebble-dev/PebbleSDK-2.0.2/Pebble/lib/libpebble.a(tmpMw9aXupebble.o)
 .text.dict_merge
                0x0000000000000000        0xc /Users/wolfgangmeyerle/pebble-dev/PebbleSDK-2.0.2/Pebble/lib/libpebble.a(tmpMw9aXupebble.o)
 .text.dict_read_begin_from_buffer
                0x0000000000000000        0xc /Users/wolfgangmeyerle/pebble-dev/PebbleSDK-2.0.2/Pebble/lib/libpebble.a(tmpMw9aXupebble.o)
 .text.dict_read_first
                0x0000000000000000        0xc /Users/wolfgangmeyerle/pebble-dev/PebbleSDK-2.0.2/Pebble/lib/libpebble.a(tmpMw9aXupebble.o)
 .text.dict_read_next
                0x0000000000000000        0xc /Users/wolfgangmeyerle/pebble-dev/PebbleSDK-2.0.2/Pebble/lib/libpebble.a(tmpMw9aXupebble.o)
 .text.dict_serialize_tuplets
                0x0000000000000000        0xc /Users/wolfgangmeyerle/pebble-dev/PebbleSDK-2.0.2/Pebble/lib/libpebble.a(tmpMw9aXupebble.o)
 .text.dict_serialize_tuplets_to_buffer__deprecated
                0x0000000000000000        0xc /Users/wolfgangmeyerle/pebble-dev/PebbleSDK-2.0.2/Pebble/lib/libpebble.a(tmpMw9aXupebble.o)
 .text.dict_serialize_tuplets_to_buffer_with_iter
                0x0000000000000000        0xc /Users/wolfgangmeyerle/pebble-dev/PebbleSDK-2.0.2/Pebble/lib/libpebble.a(tmpMw9aXupebble.o)
 .text.dict_write_begin
                0x0000000000000000        0xc /Users/wolfgangmeyerle/pebble-dev/PebbleSDK-2.0.2/Pebble/lib/libpebble.a(tmpMw9aXupebble.o)
 .text.dict_write_cstring
                0x0000000000000000        0xc /Users/wolfgangmeyerle/pebble-dev/PebbleSDK-2.0.2/Pebble/lib/libpebble.a(tmpMw9aXupebble.o)
 .text.dict_write_data
                0x0000000000000000        0xc /Users/wolfgangmeyerle/pebble-dev/PebbleSDK-2.0.2/Pebble/lib/libpebble.a(tmpMw9aXupebble.o)
 .text.dict_write_end
                0x0000000000000000        0xc /Users/wolfgangmeyerle/pebble-dev/PebbleSDK-2.0.2/Pebble/lib/libpebble.a(tmpMw9aXupebble.o)
 .text.dict_write_int
                0x0000000000000000        0xc /Users/wolfgangmeyerle/pebble-dev/PebbleSDK-2.0.2/Pebble/lib/libpebble.a(tmpMw9aXupebble.o)
 .text.dict_write_int16
                0x0000000000000000        0xc /Users/wolfgangmeyerle/pebble-dev/PebbleSDK-2.0.2/Pebble/lib/libpebble.a(tmpMw9aXupebble.o)
 .text.dict_write_int32
                0x0000000000000000        0xc /Users/wolfgangmeyerle/pebble-dev/PebbleSDK-2.0.2/Pebble/lib/libpebble.a(tmpMw9aXupebble.o)
 .text.dict_write_int8
                0x0000000000000000        0xc /Users/wolfgangmeyerle/pebble-dev/PebbleSDK-2.0.2/Pebble/lib/libpebble.a(tmpMw9aXupebble.o)
 .text.dict_write_tuplet
                0x0000000000000000        0xc /Users/wolfgangmeyerle/pebble-dev/PebbleSDK-2.0.2/Pebble/lib/libpebble.a(tmpMw9aXupebble.o)
 .text.dict_write_uint16
                0x0000000000000000        0xc /Users/wolfgangmeyerle/pebble-dev/PebbleSDK-2.0.2/Pebble/lib/libpebble.a(tmpMw9aXupebble.o)
 .text.dict_write_uint32
                0x0000000000000000        0xc /Users/wolfgangmeyerle/pebble-dev/PebbleSDK-2.0.2/Pebble/lib/libpebble.a(tmpMw9aXupebble.o)
 .text.dict_write_uint8
                0x0000000000000000        0xc /Users/wolfgangmeyerle/pebble-dev/PebbleSDK-2.0.2/Pebble/lib/libpebble.a(tmpMw9aXupebble.o)
 .text.fonts_get_system_font
                0x0000000000000000        0xc /Users/wolfgangmeyerle/pebble-dev/PebbleSDK-2.0.2/Pebble/lib/libpebble.a(tmpMw9aXupebble.o)
 .text.fonts_load_custom_font
                0x0000000000000000        0xc /Users/wolfgangmeyerle/pebble-dev/PebbleSDK-2.0.2/Pebble/lib/libpebble.a(tmpMw9aXupebble.o)
 .text.fonts_unload_custom_font
                0x0000000000000000        0xc /Users/wolfgangmeyerle/pebble-dev/PebbleSDK-2.0.2/Pebble/lib/libpebble.a(tmpMw9aXupebble.o)
 .text.free     0x0000000000000000        0xc /Users/wolfgangmeyerle/pebble-dev/PebbleSDK-2.0.2/Pebble/lib/libpebble.a(tmpMw9aXupebble.o)
 .text.gbitmap_create_as_sub_bitmap
                0x0000000000000000        0xc /Users/wolfgangmeyerle/pebble-dev/PebbleSDK-2.0.2/Pebble/lib/libpebble.a(tmpMw9aXupebble.o)
 .text.gbitmap_create_with_data
                0x0000000000000000        0xc /Users/wolfgangmeyerle/pebble-dev/PebbleSDK-2.0.2/Pebble/lib/libpebble.a(tmpMw9aXupebble.o)
 .text.gbitmap_create_with_resource
                0x0000000000000000        0xc /Users/wolfgangmeyerle/pebble-dev/PebbleSDK-2.0.2/Pebble/lib/libpebble.a(tmpMw9aXupebble.o)
 .text.gbitmap_destroy
                0x0000000000000000        0xc /Users/wolfgangmeyerle/pebble-dev/PebbleSDK-2.0.2/Pebble/lib/libpebble.a(tmpMw9aXupebble.o)
 .text.gmtime   0x0000000000000000        0xc /Users/wolfgangmeyerle/pebble-dev/PebbleSDK-2.0.2/Pebble/lib/libpebble.a(tmpMw9aXupebble.o)
 .text.gpath_move_to
                0x0000000000000000        0xc /Users/wolfgangmeyerle/pebble-dev/PebbleSDK-2.0.2/Pebble/lib/libpebble.a(tmpMw9aXupebble.o)
 .text.gpath_rotate_to
                0x0000000000000000        0xc /Users/wolfgangmeyerle/pebble-dev/PebbleSDK-2.0.2/Pebble/lib/libpebble.a(tmpMw9aXupebble.o)
 .text.gpoint_equal
                0x0000000000000000        0xc /Users/wolfgangmeyerle/pebble-dev/PebbleSDK-2.0.2/Pebble/lib/libpebble.a(tmpMw9aXupebble.o)
 .text.graphics_context_set_compositing_mode
                0x0000000000000000        0xc /Users/wolfgangmeyerle/pebble-dev/PebbleSDK-2.0.2/Pebble/lib/libpebble.a(tmpMw9aXupebble.o)
 .text.graphics_context_set_text_color
                0x0000000000000000        0xc /Users/wolfgangmeyerle/pebble-dev/PebbleSDK-2.0.2/Pebble/lib/libpebble.a(tmpMw9aXupebble.o)
 .text.graphics_draw_bitmap_in_rect
                0x0000000000000000        0xc /Users/wolfgangmeyerle/pebble-dev/PebbleSDK-2.0.2/Pebble/lib/libpebble.a(tmpMw9aXupebble.o)
 .text.graphics_draw_circle
                0x0000000000000000        0xc /Users/wolfgangmeyerle/pebble-dev/PebbleSDK-2.0.2/Pebble/lib/libpebble.a(tmpMw9aXupebble.o)
 .text.graphics_draw_line
                0x0000000000000000        0xc /Users/wolfgangmeyerle/pebble-dev/PebbleSDK-2.0.2/Pebble/lib/libpebble.a(tmpMw9aXupebble.o)
 .text.graphics_draw_pixel
                0x0000000000000000        0xc /Users/wolfgangmeyerle/pebble-dev/PebbleSDK-2.0.2/Pebble/lib/libpebble.a(tmpMw9aXupebble.o)
 .text.graphics_draw_round_rect
                0x0000000000000000        0xc /Users/wolfgangmeyerle/pebble-dev/PebbleSDK-2.0.2/Pebble/lib/libpebble.a(tmpMw9aXupebble.o)
 .text.graphics_fill_circle
                0x0000000000000000        0xc /Users/wolfgangmeyerle/pebble-dev/PebbleSDK-2.0.2/Pebble/lib/libpebble.a(tmpMw9aXupebble.o)
 .text.graphics_text_layout_get_max_used_size
                0x0000000000000000        0xc /Users/wolfgangmeyerle/pebble-dev/PebbleSDK-2.0.2/Pebble/lib/libpebble.a(tmpMw9aXupebble.o)
 .text.grect_align
                0x0000000000000000        0xc /Users/wolfgangmeyerle/pebble-dev/PebbleSDK-2.0.2/Pebble/lib/libpebble.a(tmpMw9aXupebble.o)
 .text.grect_center_point
                0x0000000000000000        0xc /Users/wolfgangmeyerle/pebble-dev/PebbleSDK-2.0.2/Pebble/lib/libpebble.a(tmpMw9aXupebble.o)
 .text.grect_clip
                0x0000000000000000        0xc /Users/wolfgangmeyerle/pebble-dev/PebbleSDK-2.0.2/Pebble/lib/libpebble.a(tmpMw9aXupebble.o)
 .text.grect_contains_point
                0x0000000000000000        0xc /Users/wolfgangmeyerle/pebble-dev/PebbleSDK-2.0.2/Pebble/lib/libpebble.a(tmpMw9aXupebble.o)
 .text.grect_crop
                0x0000000000000000        0xc /Users/wolfgangmeyerle/pebble-dev/PebbleSDK-2.0.2/Pebble/lib/libpebble.a(tmpMw9aXupebble.o)
 .text.grect_equal
                0x0000000000000000        0xc /Users/wolfgangmeyerle/pebble-dev/PebbleSDK-2.0.2/Pebble/lib/libpebble.a(tmpMw9aXupebble.o)
 .text.grect_is_empty
                0x0000000000000000        0xc /Users/wolfgangmeyerle/pebble-dev/PebbleSDK-2.0.2/Pebble/lib/libpebble.a(tmpMw9aXupebble.o)
 .text.grect_standardize
                0x0000000000000000        0xc /Users/wolfgangmeyerle/pebble-dev/PebbleSDK-2.0.2/Pebble/lib/libpebble.a(tmpMw9aXupebble.o)
 .text.gsize_equal
                0x0000000000000000        0xc /Users/wolfgangmeyerle/pebble-dev/PebbleSDK-2.0.2/Pebble/lib/libpebble.a(tmpMw9aXupebble.o)
 .text.inverter_layer_create
                0x0000000000000000        0xc /Users/wolfgangmeyerle/pebble-dev/PebbleSDK-2.0.2/Pebble/lib/libpebble.a(tmpMw9aXupebble.o)
 .text.inverter_layer_destroy
                0x0000000000000000        0xc /Users/wolfgangmeyerle/pebble-dev/PebbleSDK-2.0.2/Pebble/lib/libpebble.a(tmpMw9aXupebble.o)
 .text.inverter_layer_get_layer
                0x0000000000000000        0xc /Users/wolfgangmeyerle/pebble-dev/PebbleSDK-2.0.2/Pebble/lib/libpebble.a(tmpMw9aXupebble.o)
 .text.layer_create_with_data
                0x0000000000000000        0xc /Users/wolfgangmeyerle/pebble-dev/PebbleSDK-2.0.2/Pebble/lib/libpebble.a(tmpMw9aXupebble.o)
 .text.layer_get_clips
                0x0000000000000000        0xc /Users/wolfgangmeyerle/pebble-dev/PebbleSDK-2.0.2/Pebble/lib/libpebble.a(tmpMw9aXupebble.o)
 .text.layer_get_data
                0x0000000000000000        0xc /Users/wolfgangmeyerle/pebble-dev/PebbleSDK-2.0.2/Pebble/lib/libpebble.a(tmpMw9aXupebble.o)
 .text.layer_get_frame
                0x0000000000000000        0xc /Users/wolfgangmeyerle/pebble-dev/PebbleSDK-2.0.2/Pebble/lib/libpebble.a(tmpMw9aXupebble.o)
 .text.layer_get_hidden
                0x0000000000000000        0xc /Users/wolfgangmeyerle/pebble-dev/PebbleSDK-2.0.2/Pebble/lib/libpebble.a(tmpMw9aXupebble.o)
 .text.layer_get_window
                0x0000000000000000        0xc /Users/wolfgangmeyerle/pebble-dev/PebbleSDK-2.0.2/Pebble/lib/libpebble.a(tmpMw9aXupebble.o)
 .text.layer_insert_above_sibling
                0x0000000000000000        0xc /Users/wolfgangmeyerle/pebble-dev/PebbleSDK-2.0.2/Pebble/lib/libpebble.a(tmpMw9aXupebble.o)
 .text.layer_insert_below_sibling
                0x0000000000000000        0xc /Users/wolfgangmeyerle/pebble-dev/PebbleSDK-2.0.2/Pebble/lib/libpebble.a(tmpMw9aXupebble.o)
 .text.layer_remove_child_layers
                0x0000000000000000        0xc /Users/wolfgangmeyerle/pebble-dev/PebbleSDK-2.0.2/Pebble/lib/libpebble.a(tmpMw9aXupebble.o)
 .text.layer_remove_from_parent
                0x0000000000000000        0xc /Users/wolfgangmeyerle/pebble-dev/PebbleSDK-2.0.2/Pebble/lib/libpebble.a(tmpMw9aXupebble.o)
 .text.layer_set_bounds
                0x0000000000000000        0xc /Users/wolfgangmeyerle/pebble-dev/PebbleSDK-2.0.2/Pebble/lib/libpebble.a(tmpMw9aXupebble.o)
 .text.layer_set_clips
                0x0000000000000000        0xc /Users/wolfgangmeyerle/pebble-dev/PebbleSDK-2.0.2/Pebble/lib/libpebble.a(tmpMw9aXupebble.o)
 .text.layer_set_frame
                0x0000000000000000        0xc /Users/wolfgangmeyerle/pebble-dev/PebbleSDK-2.0.2/Pebble/lib/libpebble.a(tmpMw9aXupebble.o)
 .text.layer_set_hidden
                0x0000000000000000        0xc /Users/wolfgangmeyerle/pebble-dev/PebbleSDK-2.0.2/Pebble/lib/libpebble.a(tmpMw9aXupebble.o)
 .text.light_enable
                0x0000000000000000        0xc /Users/wolfgangmeyerle/pebble-dev/PebbleSDK-2.0.2/Pebble/lib/libpebble.a(tmpMw9aXupebble.o)
 .text.light_enable_interaction
                0x0000000000000000        0xc /Users/wolfgangmeyerle/pebble-dev/PebbleSDK-2.0.2/Pebble/lib/libpebble.a(tmpMw9aXupebble.o)
 .text.malloc   0x0000000000000000        0xc /Users/wolfgangmeyerle/pebble-dev/PebbleSDK-2.0.2/Pebble/lib/libpebble.a(tmpMw9aXupebble.o)
 .text.memcpy   0x0000000000000000        0xc /Users/wolfgangmeyerle/pebble-dev/PebbleSDK-2.0.2/Pebble/lib/libpebble.a(tmpMw9aXupebble.o)
 .text.memmove  0x0000000000000000        0xc /Users/wolfgangmeyerle/pebble-dev/PebbleSDK-2.0.2/Pebble/lib/libpebble.a(tmpMw9aXupebble.o)
 .text.menu_cell_basic_draw
                0x0000000000000000        0xc /Users/wolfgangmeyerle/pebble-dev/PebbleSDK-2.0.2/Pebble/lib/libpebble.a(tmpMw9aXupebble.o)
 .text.menu_cell_basic_header_draw
                0x0000000000000000        0xc /Users/wolfgangmeyerle/pebble-dev/PebbleSDK-2.0.2/Pebble/lib/libpebble.a(tmpMw9aXupebble.o)
 .text.menu_cell_title_draw
                0x0000000000000000        0xc /Users/wolfgangmeyerle/pebble-dev/PebbleSDK-2.0.2/Pebble/lib/libpebble.a(tmpMw9aXupebble.o)
 .text.menu_index_compare
                0x0000000000000000        0xc /Users/wolfgangmeyerle/pebble-dev/PebbleSDK-2.0.2/Pebble/lib/libpebble.a(tmpMw9aXupebble.o)
 .text.menu_layer_create
                0x0000000000000000        0xc /Users/wolfgangmeyerle/pebble-dev/PebbleSDK-2.0.2/Pebble/lib/libpebble.a(tmpMw9aXupebble.o)
 .text.menu_layer_destroy
                0x0000000000000000        0xc /Users/wolfgangmeyerle/pebble-dev/PebbleSDK-2.0.2/Pebble/lib/libpebble.a(tmpMw9aXupebble.o)
 .text.menu_layer_get_layer
                0x0000000000000000        0xc /Users/wolfgangmeyerle/pebble-dev/PebbleSDK-2.0.2/Pebble/lib/libpebble.a(tmpMw9aXupebble.o)
 .text.menu_layer_get_scroll_layer
                0x0000000000000000        0xc /Users/wolfgangmeyerle/pebble-dev/PebbleSDK-2.0.2/Pebble/lib/libpebble.a(tmpMw9aXupebble.o)
 .text.menu_layer_get_selected_index
                0x0000000000000000        0xc /Users/wolfgangmeyerle/pebble-dev/PebbleSDK-2.0.2/Pebble/lib/libpebble.a(tmpMw9aXupebble.o)
 .text.menu_layer_reload_data
                0x0000000000000000        0xc /Users/wolfgangmeyerle/pebble-dev/PebbleSDK-2.0.2/Pebble/lib/libpebble.a(tmpMw9aXupebble.o)
 .text.menu_layer_set_callbacks
                0x0000000000000000        0xc /Users/wolfgangmeyerle/pebble-dev/PebbleSDK-2.0.2/Pebble/lib/libpebble.a(tmpMw9aXupebble.o)
 .text.menu_layer_set_click_config_onto_window
                0x0000000000000000        0xc /Users/wolfgangmeyerle/pebble-dev/PebbleSDK-2.0.2/Pebble/lib/libpebble.a(tmpMw9aXupebble.o)
 .text.menu_layer_set_selected_index
                0x0000000000000000        0xc /Users/wolfgangmeyerle/pebble-dev/PebbleSDK-2.0.2/Pebble/lib/libpebble.a(tmpMw9aXupebble.o)
 .text.menu_layer_set_selected_next
                0x0000000000000000        0xc /Users/wolfgangmeyerle/pebble-dev/PebbleSDK-2.0.2/Pebble/lib/libpebble.a(tmpMw9aXupebble.o)
 .text.number_window_create
                0x0000000000000000        0xc /Users/wolfgangmeyerle/pebble-dev/PebbleSDK-2.0.2/Pebble/lib/libpebble.a(tmpMw9aXupebble.o)
 .text.number_window_destroy
                0x0000000000000000        0xc /Users/wolfgangmeyerle/pebble-dev/PebbleSDK-2.0.2/Pebble/lib/libpebble.a(tmpMw9aXupebble.o)
 .text.number_window_get_value
                0x0000000000000000        0xc /Users/wolfgangmeyerle/pebble-dev/PebbleSDK-2.0.2/Pebble/lib/libpebble.a(tmpMw9aXupebble.o)
 .text.number_window_set_label
                0x0000000000000000        0xc /Users/wolfgangmeyerle/pebble-dev/PebbleSDK-2.0.2/Pebble/lib/libpebble.a(tmpMw9aXupebble.o)
 .text.number_window_set_max
                0x0000000000000000        0xc /Users/wolfgangmeyerle/pebble-dev/PebbleSDK-2.0.2/Pebble/lib/libpebble.a(tmpMw9aXupebble.o)
 .text.number_window_set_min
                0x0000000000000000        0xc /Users/wolfgangmeyerle/pebble-dev/PebbleSDK-2.0.2/Pebble/lib/libpebble.a(tmpMw9aXupebble.o)
 .text.number_window_set_step_size
                0x0000000000000000        0xc /Users/wolfgangmeyerle/pebble-dev/PebbleSDK-2.0.2/Pebble/lib/libpebble.a(tmpMw9aXupebble.o)
 .text.number_window_set_value
                0x0000000000000000        0xc /Users/wolfgangmeyerle/pebble-dev/PebbleSDK-2.0.2/Pebble/lib/libpebble.a(tmpMw9aXupebble.o)
 .text.persist_delete
                0x0000000000000000        0xc /Users/wolfgangmeyerle/pebble-dev/PebbleSDK-2.0.2/Pebble/lib/libpebble.a(tmpMw9aXupebble.o)
 .text.persist_exists
                0x0000000000000000        0xc /Users/wolfgangmeyerle/pebble-dev/PebbleSDK-2.0.2/Pebble/lib/libpebble.a(tmpMw9aXupebble.o)
 .text.persist_get_size
                0x0000000000000000        0xc /Users/wolfgangmeyerle/pebble-dev/PebbleSDK-2.0.2/Pebble/lib/libpebble.a(tmpMw9aXupebble.o)
 .text.persist_read_bool
                0x0000000000000000        0xc /Users/wolfgangmeyerle/pebble-dev/PebbleSDK-2.0.2/Pebble/lib/libpebble.a(tmpMw9aXupebble.o)
 .text.persist_read_data__deprecated
                0x0000000000000000        0xc /Users/wolfgangmeyerle/pebble-dev/PebbleSDK-2.0.2/Pebble/lib/libpebble.a(tmpMw9aXupebble.o)
 .text.persist_read_int
                0x0000000000000000        0xc /Users/wolfgangmeyerle/pebble-dev/PebbleSDK-2.0.2/Pebble/lib/libpebble.a(tmpMw9aXupebble.o)
 .text.persist_read_string__deprecated
                0x0000000000000000        0xc /Users/wolfgangmeyerle/pebble-dev/PebbleSDK-2.0.2/Pebble/lib/libpebble.a(tmpMw9aXupebble.o)
 .text.persist_write_bool
                0x0000000000000000        0xc /Users/wolfgangmeyerle/pebble-dev/PebbleSDK-2.0.2/Pebble/lib/libpebble.a(tmpMw9aXupebble.o)
 .text.persist_write_data__deprecated
                0x0000000000000000        0xc /Users/wolfgangmeyerle/pebble-dev/PebbleSDK-2.0.2/Pebble/lib/libpebble.a(tmpMw9aXupebble.o)
 .text.persist_write_int
                0x0000000000000000        0xc /Users/wolfgangmeyerle/pebble-dev/PebbleSDK-2.0.2/Pebble/lib/libpebble.a(tmpMw9aXupebble.o)
 .text.persist_write_string
                0x0000000000000000        0xc /Users/wolfgangmeyerle/pebble-dev/PebbleSDK-2.0.2/Pebble/lib/libpebble.a(tmpMw9aXupebble.o)
 .text.property_animation_create
                0x0000000000000000        0xc /Users/wolfgangmeyerle/pebble-dev/PebbleSDK-2.0.2/Pebble/lib/libpebble.a(tmpMw9aXupebble.o)
 .text.property_animation_create_layer_frame
                0x0000000000000000        0xc /Users/wolfgangmeyerle/pebble-dev/PebbleSDK-2.0.2/Pebble/lib/libpebble.a(tmpMw9aXupebble.o)
 .text.property_animation_destroy
                0x0000000000000000        0xc /Users/wolfgangmeyerle/pebble-dev/PebbleSDK-2.0.2/Pebble/lib/libpebble.a(tmpMw9aXupebble.o)
 .text.property_animation_update_gpoint
                0x0000000000000000        0xc /Users/wolfgangmeyerle/pebble-dev/PebbleSDK-2.0.2/Pebble/lib/libpebble.a(tmpMw9aXupebble.o)
 .text.property_animation_update_grect
                0x0000000000000000        0xc /Users/wolfgangmeyerle/pebble-dev/PebbleSDK-2.0.2/Pebble/lib/libpebble.a(tmpMw9aXupebble.o)
 .text.property_animation_update_int16
                0x0000000000000000        0xc /Users/wolfgangmeyerle/pebble-dev/PebbleSDK-2.0.2/Pebble/lib/libpebble.a(tmpMw9aXupebble.o)
 .text.psleep   0x0000000000000000        0xc /Users/wolfgangmeyerle/pebble-dev/PebbleSDK-2.0.2/Pebble/lib/libpebble.a(tmpMw9aXupebble.o)
 .text.rand     0x0000000000000000        0xc /Users/wolfgangmeyerle/pebble-dev/PebbleSDK-2.0.2/Pebble/lib/libpebble.a(tmpMw9aXupebble.o)
 .text.resource_get_handle
                0x0000000000000000        0xc /Users/wolfgangmeyerle/pebble-dev/PebbleSDK-2.0.2/Pebble/lib/libpebble.a(tmpMw9aXupebble.o)
 .text.resource_load
                0x0000000000000000        0xc /Users/wolfgangmeyerle/pebble-dev/PebbleSDK-2.0.2/Pebble/lib/libpebble.a(tmpMw9aXupebble.o)
 .text.resource_load_byte_range
                0x0000000000000000        0xc /Users/wolfgangmeyerle/pebble-dev/PebbleSDK-2.0.2/Pebble/lib/libpebble.a(tmpMw9aXupebble.o)
 .text.resource_size
                0x0000000000000000        0xc /Users/wolfgangmeyerle/pebble-dev/PebbleSDK-2.0.2/Pebble/lib/libpebble.a(tmpMw9aXupebble.o)
 .text.rot_bitmap_layer_create
                0x0000000000000000        0xc /Users/wolfgangmeyerle/pebble-dev/PebbleSDK-2.0.2/Pebble/lib/libpebble.a(tmpMw9aXupebble.o)
 .text.rot_bitmap_layer_destroy
                0x0000000000000000        0xc /Users/wolfgangmeyerle/pebble-dev/PebbleSDK-2.0.2/Pebble/lib/libpebble.a(tmpMw9aXupebble.o)
 .text.rot_bitmap_layer_increment_angle
                0x0000000000000000        0xc /Users/wolfgangmeyerle/pebble-dev/PebbleSDK-2.0.2/Pebble/lib/libpebble.a(tmpMw9aXupebble.o)
 .text.rot_bitmap_layer_set_angle
                0x0000000000000000        0xc /Users/wolfgangmeyerle/pebble-dev/PebbleSDK-2.0.2/Pebble/lib/libpebble.a(tmpMw9aXupebble.o)
 .text.rot_bitmap_layer_set_corner_clip_color
                0x0000000000000000        0xc /Users/wolfgangmeyerle/pebble-dev/PebbleSDK-2.0.2/Pebble/lib/libpebble.a(tmpMw9aXupebble.o)
 .text.rot_bitmap_set_compositing_mode
                0x0000000000000000        0xc /Users/wolfgangmeyerle/pebble-dev/PebbleSDK-2.0.2/Pebble/lib/libpebble.a(tmpMw9aXupebble.o)
 .text.rot_bitmap_set_src_ic
                0x0000000000000000        0xc /Users/wolfgangmeyerle/pebble-dev/PebbleSDK-2.0.2/Pebble/lib/libpebble.a(tmpMw9aXupebble.o)
 .text.scroll_layer_add_child
                0x0000000000000000        0xc /Users/wolfgangmeyerle/pebble-dev/PebbleSDK-2.0.2/Pebble/lib/libpebble.a(tmpMw9aXupebble.o)
 .text.scroll_layer_create
                0x0000000000000000        0xc /Users/wolfgangmeyerle/pebble-dev/PebbleSDK-2.0.2/Pebble/lib/libpebble.a(tmpMw9aXupebble.o)
 .text.scroll_layer_destroy
                0x0000000000000000        0xc /Users/wolfgangmeyerle/pebble-dev/PebbleSDK-2.0.2/Pebble/lib/libpebble.a(tmpMw9aXupebble.o)
 .text.scroll_layer_get_content_offset
                0x0000000000000000        0xc /Users/wolfgangmeyerle/pebble-dev/PebbleSDK-2.0.2/Pebble/lib/libpebble.a(tmpMw9aXupebble.o)
 .text.scroll_layer_get_content_size
                0x0000000000000000        0xc /Users/wolfgangmeyerle/pebble-dev/PebbleSDK-2.0.2/Pebble/lib/libpebble.a(tmpMw9aXupebble.o)
 .text.scroll_layer_get_layer
                0x0000000000000000        0xc /Users/wolfgangmeyerle/pebble-dev/PebbleSDK-2.0.2/Pebble/lib/libpebble.a(tmpMw9aXupebble.o)
 .text.scroll_layer_get_shadow_hidden
                0x0000000000000000        0xc /Users/wolfgangmeyerle/pebble-dev/PebbleSDK-2.0.2/Pebble/lib/libpebble.a(tmpMw9aXupebble.o)
 .text.scroll_layer_scroll_down_click_handler
                0x0000000000000000        0xc /Users/wolfgangmeyerle/pebble-dev/PebbleSDK-2.0.2/Pebble/lib/libpebble.a(tmpMw9aXupebble.o)
 .text.scroll_layer_scroll_up_click_handler
                0x0000000000000000        0xc /Users/wolfgangmeyerle/pebble-dev/PebbleSDK-2.0.2/Pebble/lib/libpebble.a(tmpMw9aXupebble.o)
 .text.scroll_layer_set_callbacks
                0x0000000000000000        0xc /Users/wolfgangmeyerle/pebble-dev/PebbleSDK-2.0.2/Pebble/lib/libpebble.a(tmpMw9aXupebble.o)
 .text.scroll_layer_set_click_config_onto_window
                0x0000000000000000        0xc /Users/wolfgangmeyerle/pebble-dev/PebbleSDK-2.0.2/Pebble/lib/libpebble.a(tmpMw9aXupebble.o)
 .text.scroll_layer_set_content_offset
                0x0000000000000000        0xc /Users/wolfgangmeyerle/pebble-dev/PebbleSDK-2.0.2/Pebble/lib/libpebble.a(tmpMw9aXupebble.o)
 .text.scroll_layer_set_content_size
                0x0000000000000000        0xc /Users/wolfgangmeyerle/pebble-dev/PebbleSDK-2.0.2/Pebble/lib/libpebble.a(tmpMw9aXupebble.o)
 .text.scroll_layer_set_context
                0x0000000000000000        0xc /Users/wolfgangmeyerle/pebble-dev/PebbleSDK-2.0.2/Pebble/lib/libpebble.a(tmpMw9aXupebble.o)
 .text.scroll_layer_set_frame
                0x0000000000000000        0xc /Users/wolfgangmeyerle/pebble-dev/PebbleSDK-2.0.2/Pebble/lib/libpebble.a(tmpMw9aXupebble.o)
 .text.scroll_layer_set_shadow_hidden
                0x0000000000000000        0xc /Users/wolfgangmeyerle/pebble-dev/PebbleSDK-2.0.2/Pebble/lib/libpebble.a(tmpMw9aXupebble.o)
 .text.simple_menu_layer_create
                0x0000000000000000        0xc /Users/wolfgangmeyerle/pebble-dev/PebbleSDK-2.0.2/Pebble/lib/libpebble.a(tmpMw9aXupebble.o)
 .text.simple_menu_layer_destroy
                0x0000000000000000        0xc /Users/wolfgangmeyerle/pebble-dev/PebbleSDK-2.0.2/Pebble/lib/libpebble.a(tmpMw9aXupebble.o)
 .text.simple_menu_layer_get_layer
                0x0000000000000000        0xc /Users/wolfgangmeyerle/pebble-dev/PebbleSDK-2.0.2/Pebble/lib/libpebble.a(tmpMw9aXupebble.o)
 .text.simple_menu_layer_get_selected_index
                0x0000000000000000        0xc /Users/wolfgangmeyerle/pebble-dev/PebbleSDK-2.0.2/Pebble/lib/libpebble.a(tmpMw9aXupebble.o)
 .text.simple_menu_layer_set_selected_index
                0x0000000000000000        0xc /Users/wolfgangmeyerle/pebble-dev/PebbleSDK-2.0.2/Pebble/lib/libpebble.a(tmpMw9aXupebble.o)
 .text.sin_lookup
                0x0000000000000000        0xc /Users/wolfgangmeyerle/pebble-dev/PebbleSDK-2.0.2/Pebble/lib/libpebble.a(tmpMw9aXupebble.o)
 .text.snprintf
                0x0000000000000000        0xc /Users/wolfgangmeyerle/pebble-dev/PebbleSDK-2.0.2/Pebble/lib/libpebble.a(tmpMw9aXupebble.o)
 .text.srand    0x0000000000000000        0xc /Users/wolfgangmeyerle/pebble-dev/PebbleSDK-2.0.2/Pebble/lib/libpebble.a(tmpMw9aXupebble.o)
 .text.strcat   0x0000000000000000        0xc /Users/wolfgangmeyerle/pebble-dev/PebbleSDK-2.0.2/Pebble/lib/libpebble.a(tmpMw9aXupebble.o)
 .text.strcmp   0x0000000000000000        0xc /Users/wolfgangmeyerle/pebble-dev/PebbleSDK-2.0.2/Pebble/lib/libpebble.a(tmpMw9aXupebble.o)
 .text.strcpy   0x0000000000000000        0xc /Users/wolfgangmeyerle/pebble-dev/PebbleSDK-2.0.2/Pebble/lib/libpebble.a(tmpMw9aXupebble.o)
 .text.strftime
                0x0000000000000000        0xc /Users/wolfgangmeyerle/pebble-dev/PebbleSDK-2.0.2/Pebble/lib/libpebble.a(tmpMw9aXupebble.o)
 .text.strlen   0x0000000000000000        0xc /Users/wolfgangmeyerle/pebble-dev/PebbleSDK-2.0.2/Pebble/lib/libpebble.a(tmpMw9aXupebble.o)
 .text.strncat  0x0000000000000000        0xc /Users/wolfgangmeyerle/pebble-dev/PebbleSDK-2.0.2/Pebble/lib/libpebble.a(tmpMw9aXupebble.o)
 .text.strncmp  0x0000000000000000        0xc /Users/wolfgangmeyerle/pebble-dev/PebbleSDK-2.0.2/Pebble/lib/libpebble.a(tmpMw9aXupebble.o)
 .text.strncpy  0x0000000000000000        0xc /Users/wolfgangmeyerle/pebble-dev/PebbleSDK-2.0.2/Pebble/lib/libpebble.a(tmpMw9aXupebble.o)
 .text.text_layer_create
                0x0000000000000000        0xc /Users/wolfgangmeyerle/pebble-dev/PebbleSDK-2.0.2/Pebble/lib/libpebble.a(tmpMw9aXupebble.o)
 .text.text_layer_destroy
                0x0000000000000000        0xc /Users/wolfgangmeyerle/pebble-dev/PebbleSDK-2.0.2/Pebble/lib/libpebble.a(tmpMw9aXupebble.o)
 .text.text_layer_get_content_size
                0x0000000000000000        0xc /Users/wolfgangmeyerle/pebble-dev/PebbleSDK-2.0.2/Pebble/lib/libpebble.a(tmpMw9aXupebble.o)
 .text.text_layer_get_layer
                0x0000000000000000        0xc /Users/wolfgangmeyerle/pebble-dev/PebbleSDK-2.0.2/Pebble/lib/libpebble.a(tmpMw9aXupebble.o)
 .text.text_layer_get_text
                0x0000000000000000        0xc /Users/wolfgangmeyerle/pebble-dev/PebbleSDK-2.0.2/Pebble/lib/libpebble.a(tmpMw9aXupebble.o)
 .text.text_layer_set_background_color
                0x0000000000000000        0xc /Users/wolfgangmeyerle/pebble-dev/PebbleSDK-2.0.2/Pebble/lib/libpebble.a(tmpMw9aXupebble.o)
 .text.text_layer_set_font
                0x0000000000000000        0xc /Users/wolfgangmeyerle/pebble-dev/PebbleSDK-2.0.2/Pebble/lib/libpebble.a(tmpMw9aXupebble.o)
 .text.text_layer_set_overflow_mode
                0x0000000000000000        0xc /Users/wolfgangmeyerle/pebble-dev/PebbleSDK-2.0.2/Pebble/lib/libpebble.a(tmpMw9aXupebble.o)
 .text.text_layer_set_size
                0x0000000000000000        0xc /Users/wolfgangmeyerle/pebble-dev/PebbleSDK-2.0.2/Pebble/lib/libpebble.a(tmpMw9aXupebble.o)
 .text.text_layer_set_text
                0x0000000000000000        0xc /Users/wolfgangmeyerle/pebble-dev/PebbleSDK-2.0.2/Pebble/lib/libpebble.a(tmpMw9aXupebble.o)
 .text.text_layer_set_text_alignment
                0x0000000000000000        0xc /Users/wolfgangmeyerle/pebble-dev/PebbleSDK-2.0.2/Pebble/lib/libpebble.a(tmpMw9aXupebble.o)
 .text.text_layer_set_text_color
                0x0000000000000000        0xc /Users/wolfgangmeyerle/pebble-dev/PebbleSDK-2.0.2/Pebble/lib/libpebble.a(tmpMw9aXupebble.o)
 .text.time_ms  0x0000000000000000        0xc /Users/wolfgangmeyerle/pebble-dev/PebbleSDK-2.0.2/Pebble/lib/libpebble.a(tmpMw9aXupebble.o)
 .text.vibes_cancel
                0x0000000000000000        0xc /Users/wolfgangmeyerle/pebble-dev/PebbleSDK-2.0.2/Pebble/lib/libpebble.a(tmpMw9aXupebble.o)
 .text.vibes_double_pulse
                0x0000000000000000        0xc /Users/wolfgangmeyerle/pebble-dev/PebbleSDK-2.0.2/Pebble/lib/libpebble.a(tmpMw9aXupebble.o)
 .text.vibes_enqueue_custom_pattern
                0x0000000000000000        0xc /Users/wolfgangmeyerle/pebble-dev/PebbleSDK-2.0.2/Pebble/lib/libpebble.a(tmpMw9aXupebble.o)
 .text.vibes_long_pulse
                0x0000000000000000        0xc /Users/wolfgangmeyerle/pebble-dev/PebbleSDK-2.0.2/Pebble/lib/libpebble.a(tmpMw9aXupebble.o)
 .text.vibes_short_pulse
                0x0000000000000000        0xc /Users/wolfgangmeyerle/pebble-dev/PebbleSDK-2.0.2/Pebble/lib/libpebble.a(tmpMw9aXupebble.o)
 .text.window_get_click_config_provider
                0x0000000000000000        0xc /Users/wolfgangmeyerle/pebble-dev/PebbleSDK-2.0.2/Pebble/lib/libpebble.a(tmpMw9aXupebble.o)
 .text.window_get_fullscreen
                0x0000000000000000        0xc /Users/wolfgangmeyerle/pebble-dev/PebbleSDK-2.0.2/Pebble/lib/libpebble.a(tmpMw9aXupebble.o)
 .text.window_is_loaded
                0x0000000000000000        0xc /Users/wolfgangmeyerle/pebble-dev/PebbleSDK-2.0.2/Pebble/lib/libpebble.a(tmpMw9aXupebble.o)
 .text.window_set_click_config_provider
                0x0000000000000000        0xc /Users/wolfgangmeyerle/pebble-dev/PebbleSDK-2.0.2/Pebble/lib/libpebble.a(tmpMw9aXupebble.o)
 .text.window_set_click_config_provider_with_context
                0x0000000000000000        0xc /Users/wolfgangmeyerle/pebble-dev/PebbleSDK-2.0.2/Pebble/lib/libpebble.a(tmpMw9aXupebble.o)
 .text.window_set_status_bar_icon
                0x0000000000000000        0xc /Users/wolfgangmeyerle/pebble-dev/PebbleSDK-2.0.2/Pebble/lib/libpebble.a(tmpMw9aXupebble.o)
 .text.window_stack_contains_window
                0x0000000000000000        0xc /Users/wolfgangmeyerle/pebble-dev/PebbleSDK-2.0.2/Pebble/lib/libpebble.a(tmpMw9aXupebble.o)
 .text.window_stack_get_top_window
                0x0000000000000000        0xc /Users/wolfgangmeyerle/pebble-dev/PebbleSDK-2.0.2/Pebble/lib/libpebble.a(tmpMw9aXupebble.o)
 .text.window_stack_pop
                0x0000000000000000        0xc /Users/wolfgangmeyerle/pebble-dev/PebbleSDK-2.0.2/Pebble/lib/libpebble.a(tmpMw9aXupebble.o)
 .text.window_stack_pop_all
                0x0000000000000000        0xc /Users/wolfgangmeyerle/pebble-dev/PebbleSDK-2.0.2/Pebble/lib/libpebble.a(tmpMw9aXupebble.o)
 .text.window_stack_remove
                0x0000000000000000        0xc /Users/wolfgangmeyerle/pebble-dev/PebbleSDK-2.0.2/Pebble/lib/libpebble.a(tmpMw9aXupebble.o)
 .text.app_focus_service_subscribe
                0x0000000000000000        0xc /Users/wolfgangmeyerle/pebble-dev/PebbleSDK-2.0.2/Pebble/lib/libpebble.a(tmpMw9aXupebble.o)
 .text.app_focus_service_unsubscribe
                0x0000000000000000        0xc /Users/wolfgangmeyerle/pebble-dev/PebbleSDK-2.0.2/Pebble/lib/libpebble.a(tmpMw9aXupebble.o)
 .text.window_get_user_data
                0x0000000000000000        0xc /Users/wolfgangmeyerle/pebble-dev/PebbleSDK-2.0.2/Pebble/lib/libpebble.a(tmpMw9aXupebble.o)
 .text.window_set_user_data
                0x0000000000000000        0xc /Users/wolfgangmeyerle/pebble-dev/PebbleSDK-2.0.2/Pebble/lib/libpebble.a(tmpMw9aXupebble.o)
 .text.app_message_get_context
                0x0000000000000000        0xc /Users/wolfgangmeyerle/pebble-dev/PebbleSDK-2.0.2/Pebble/lib/libpebble.a(tmpMw9aXupebble.o)
 .text.app_message_inbox_size_maximum
                0x0000000000000000        0xc /Users/wolfgangmeyerle/pebble-dev/PebbleSDK-2.0.2/Pebble/lib/libpebble.a(tmpMw9aXupebble.o)
 .text.app_message_outbox_begin
                0x0000000000000000        0xc /Users/wolfgangmeyerle/pebble-dev/PebbleSDK-2.0.2/Pebble/lib/libpebble.a(tmpMw9aXupebble.o)
 .text.app_message_outbox_send
                0x0000000000000000        0xc /Users/wolfgangmeyerle/pebble-dev/PebbleSDK-2.0.2/Pebble/lib/libpebble.a(tmpMw9aXupebble.o)
 .text.app_message_outbox_size_maximum
                0x0000000000000000        0xc /Users/wolfgangmeyerle/pebble-dev/PebbleSDK-2.0.2/Pebble/lib/libpebble.a(tmpMw9aXupebble.o)
 .text.app_message_register_inbox_dropped
                0x0000000000000000        0xc /Users/wolfgangmeyerle/pebble-dev/PebbleSDK-2.0.2/Pebble/lib/libpebble.a(tmpMw9aXupebble.o)
 .text.app_message_register_inbox_received
                0x0000000000000000        0xc /Users/wolfgangmeyerle/pebble-dev/PebbleSDK-2.0.2/Pebble/lib/libpebble.a(tmpMw9aXupebble.o)
 .text.app_message_register_outbox_failed
                0x0000000000000000        0xc /Users/wolfgangmeyerle/pebble-dev/PebbleSDK-2.0.2/Pebble/lib/libpebble.a(tmpMw9aXupebble.o)
 .text.app_message_register_outbox_sent
                0x0000000000000000        0xc /Users/wolfgangmeyerle/pebble-dev/PebbleSDK-2.0.2/Pebble/lib/libpebble.a(tmpMw9aXupebble.o)
 .text.app_message_set_context
                0x0000000000000000        0xc /Users/wolfgangmeyerle/pebble-dev/PebbleSDK-2.0.2/Pebble/lib/libpebble.a(tmpMw9aXupebble.o)
 .text.window_long_click_subscribe
                0x0000000000000000        0xc /Users/wolfgangmeyerle/pebble-dev/PebbleSDK-2.0.2/Pebble/lib/libpebble.a(tmpMw9aXupebble.o)
 .text.window_multi_click_subscribe
                0x0000000000000000        0xc /Users/wolfgangmeyerle/pebble-dev/PebbleSDK-2.0.2/Pebble/lib/libpebble.a(tmpMw9aXupebble.o)
 .text.window_raw_click_subscribe
                0x0000000000000000        0xc /Users/wolfgangmeyerle/pebble-dev/PebbleSDK-2.0.2/Pebble/lib/libpebble.a(tmpMw9aXupebble.o)
 .text.window_set_click_context
                0x0000000000000000        0xc /Users/wolfgangmeyerle/pebble-dev/PebbleSDK-2.0.2/Pebble/lib/libpebble.a(tmpMw9aXupebble.o)
 .text.window_single_click_subscribe
                0x0000000000000000        0xc /Users/wolfgangmeyerle/pebble-dev/PebbleSDK-2.0.2/Pebble/lib/libpebble.a(tmpMw9aXupebble.o)
 .text.window_single_repeating_click_subscribe
                0x0000000000000000        0xc /Users/wolfgangmeyerle/pebble-dev/PebbleSDK-2.0.2/Pebble/lib/libpebble.a(tmpMw9aXupebble.o)
 .text.graphics_draw_text
                0x0000000000000000        0xc /Users/wolfgangmeyerle/pebble-dev/PebbleSDK-2.0.2/Pebble/lib/libpebble.a(tmpMw9aXupebble.o)
 .text.dict_serialize_tuplets_to_buffer
                0x0000000000000000        0xc /Users/wolfgangmeyerle/pebble-dev/PebbleSDK-2.0.2/Pebble/lib/libpebble.a(tmpMw9aXupebble.o)
 .text.persist_read_data
                0x0000000000000000        0xc /Users/wolfgangmeyerle/pebble-dev/PebbleSDK-2.0.2/Pebble/lib/libpebble.a(tmpMw9aXupebble.o)
 .text.persist_read_string
                0x0000000000000000        0xc /Users/wolfgangmeyerle/pebble-dev/PebbleSDK-2.0.2/Pebble/lib/libpebble.a(tmpMw9aXupebble.o)
 .text.persist_write_data
                0x0000000000000000        0xc /Users/wolfgangmeyerle/pebble-dev/PebbleSDK-2.0.2/Pebble/lib/libpebble.a(tmpMw9aXupebble.o)
 .text.dict_size
                0x0000000000000000        0xc /Users/wolfgangmeyerle/pebble-dev/PebbleSDK-2.0.2/Pebble/lib/libpebble.a(tmpMw9aXupebble.o)
 .text.graphics_text_layout_get_content_size
                0x0000000000000000        0xc /Users/wolfgangmeyerle/pebble-dev/PebbleSDK-2.0.2/Pebble/lib/libpebble.a(tmpMw9aXupebble.o)
 .text.simple_menu_layer_get_menu_layer
                0x0000000000000000        0xc /Users/wolfgangmeyerle/pebble-dev/PebbleSDK-2.0.2/Pebble/lib/libpebble.a(tmpMw9aXupebble.o)
 .text.accel_data_service_subscribe
                0x0000000000000000        0xc /Users/wolfgangmeyerle/pebble-dev/PebbleSDK-2.0.2/Pebble/lib/libpebble.a(tmpMw9aXupebble.o)
 .text.calloc   0x0000000000000000        0xc /Users/wolfgangmeyerle/pebble-dev/PebbleSDK-2.0.2/Pebble/lib/libpebble.a(tmpMw9aXupebble.o)
 .text.bitmap_layer_get_bitmap
                0x0000000000000000        0xc /Users/wolfgangmeyerle/pebble-dev/PebbleSDK-2.0.2/Pebble/lib/libpebble.a(tmpMw9aXupebble.o)
 .bss           0x0000000000000000        0x0 /Users/wolfgangmeyerle/pebble-dev/PebbleSDK-2.0.2/arm-cs-tools/bin/../lib/gcc/arm-none-eabi/4.7.2/thumb2/libgcc.a(_arm_addsubdf3.o)
 .bss           0x0000000000000000        0x0 /Users/wolfgangmeyerle/pebble-dev/PebbleSDK-2.0.2/arm-cs-tools/bin/../lib/gcc/arm-none-eabi/4.7.2/thumb2/libgcc.a(_arm_cmpdf2.o)
 .bss           0x0000000000000000        0x0 /Users/wolfgangmeyerle/pebble-dev/PebbleSDK-2.0.2/arm-cs-tools/bin/../lib/gcc/arm-none-eabi/4.7.2/thumb2/libgcc.a(_arm_fixdfsi.o)
 .text          0x0000000000000000        0x0 /Users/wolfgangmeyerle/pebble-dev/PebbleSDK-2.0.2/arm-cs-tools/bin/../lib/gcc/arm-none-eabi/4.7.2/thumb2/crtend.o
 .bss           0x0000000000000000        0x0 /Users/wolfgangmeyerle/pebble-dev/PebbleSDK-2.0.2/arm-cs-tools/bin/../lib/gcc/arm-none-eabi/4.7.2/thumb2/crtend.o
 .eh_frame      0x0000000000000000        0x4 /Users/wolfgangmeyerle/pebble-dev/PebbleSDK-2.0.2/arm-cs-tools/bin/../lib/gcc/arm-none-eabi/4.7.2/thumb2/crtend.o
 .jcr           0x0000000000000000        0x4 /Users/wolfgangmeyerle/pebble-dev/PebbleSDK-2.0.2/arm-cs-tools/bin/../lib/gcc/arm-none-eabi/4.7.2/thumb2/crtend.o
 .tm_clone_table
                0x0000000000000000        0x0 /Users/wolfgangmeyerle/pebble-dev/PebbleSDK-2.0.2/arm-cs-tools/bin/../lib/gcc/arm-none-eabi/4.7.2/thumb2/crtend.o
 .text          0x0000000000000000        0x0 /Users/wolfgangmeyerle/pebble-dev/PebbleSDK-2.0.2/arm-cs-tools/bin/../lib/gcc/arm-none-eabi/4.7.2/thumb2/crtn.o
 .bss           0x0000000000000000        0x0 /Users/wolfgangmeyerle/pebble-dev/PebbleSDK-2.0.2/arm-cs-tools/bin/../lib/gcc/arm-none-eabi/4.7.2/thumb2/crtn.o
 .init          0x0000000000000000        0x8 /Users/wolfgangmeyerle/pebble-dev/PebbleSDK-2.0.2/arm-cs-tools/bin/../lib/gcc/arm-none-eabi/4.7.2/thumb2/crtn.o
 .fini          0x0000000000000000        0x8 /Users/wolfgangmeyerle/pebble-dev/PebbleSDK-2.0.2/arm-cs-tools/bin/../lib/gcc/arm-none-eabi/4.7.2/thumb2/crtn.o

Memory Configuration

Name             Origin             Length             Attributes
APP              0x0000000000000000 0x0000000000006000 xrw
*default*        0x0000000000000000 0xffffffffffffffff

Linker script and memory map

LOAD /Users/wolfgangmeyerle/pebble-dev/PebbleSDK-2.0.2/arm-cs-tools/bin/../lib/gcc/arm-none-eabi/4.7.2/thumb2/crti.o
LOAD /Users/wolfgangmeyerle/pebble-dev/PebbleSDK-2.0.2/arm-cs-tools/bin/../lib/gcc/arm-none-eabi/4.7.2/thumb2/crtbegin.o
LOAD src/Xperience.c.7.o
LOAD appinfo.auto.c.7.o
LOAD /Users/wolfgangmeyerle/pebble-dev/PebbleSDK-2.0.2/Pebble/lib/libpebble.a
START GROUP
LOAD /Users/wolfgangmeyerle/pebble-dev/PebbleSDK-2.0.2/arm-cs-tools/bin/../lib/gcc/arm-none-eabi/4.7.2/thumb2/libgcc.a
LOAD /Users/wolfgangmeyerle/pebble-dev/PebbleSDK-2.0.2/arm-cs-tools/bin/../lib/gcc/arm-none-eabi/4.7.2/../../../../arm-none-eabi/lib/thumb2/libc.a
END GROUP
LOAD /Users/wolfgangmeyerle/pebble-dev/PebbleSDK-2.0.2/arm-cs-tools/bin/../lib/gcc/arm-none-eabi/4.7.2/thumb2/crtend.o
LOAD /Users/wolfgangmeyerle/pebble-dev/PebbleSDK-2.0.2/arm-cs-tools/bin/../lib/gcc/arm-none-eabi/4.7.2/thumb2/crtn.o

.header         0x0000000000000000       0x82
 *(.pbl_header)
 .pbl_header    0x0000000000000000       0x82 appinfo.auto.c.7.o
                0x0000000000000000                __pbl_app_info

.text           0x0000000000000088     0x196d
 *(.text)
 .text          0x0000000000000088       0x14 /Users/wolfgangmeyerle/pebble-dev/PebbleSDK-2.0.2/Pebble/lib/libpebble.a(tmpMw9aXupebble.o)
 .text          0x000000000000009c      0x370 /Users/wolfgangmeyerle/pebble-dev/PebbleSDK-2.0.2/arm-cs-tools/bin/../lib/gcc/arm-none-eabi/4.7.2/thumb2/libgcc.a(_arm_addsubdf3.o)
                0x000000000000009c                __aeabi_drsub
                0x00000000000000a4                __subdf3
                0x00000000000000a4                __aeabi_dsub
                0x00000000000000a8                __aeabi_dadd
                0x00000000000000a8                __adddf3
                0x0000000000000320                __aeabi_ui2d
                0x0000000000000320                __floatunsidf
                0x0000000000000340                __floatsidf
                0x0000000000000340                __aeabi_i2d
                0x0000000000000364                __extendsfdf2
                0x0000000000000364                __aeabi_f2d
                0x00000000000003a0                __aeabi_ul2d
                0x00000000000003a0                __floatundidf
                0x00000000000003b0                __aeabi_l2d
                0x00000000000003b0                __floatdidf
 .text          0x000000000000040c      0x110 /Users/wolfgangmeyerle/pebble-dev/PebbleSDK-2.0.2/arm-cs-tools/bin/../lib/gcc/arm-none-eabi/4.7.2/thumb2/libgcc.a(_arm_cmpdf2.o)
                0x000000000000040c                __gtdf2
                0x000000000000040c                __gedf2
                0x0000000000000414                __ltdf2
                0x0000000000000414                __ledf2
                0x000000000000041c                __eqdf2
                0x000000000000041c                __nedf2
                0x000000000000041c                __cmpdf2
                0x0000000000000498                __aeabi_cdrcmple
                0x00000000000004a8                __aeabi_cdcmple
                0x00000000000004a8                __aeabi_cdcmpeq
                0x00000000000004b8                __aeabi_dcmpeq
                0x00000000000004cc                __aeabi_dcmplt
                0x00000000000004e0                __aeabi_dcmple
                0x00000000000004f4                __aeabi_dcmpge
                0x0000000000000508                __aeabi_dcmpgt
 .text          0x000000000000051c       0x50 /Users/wolfgangmeyerle/pebble-dev/PebbleSDK-2.0.2/arm-cs-tools/bin/../lib/gcc/arm-none-eabi/4.7.2/thumb2/libgcc.a(_arm_fixdfsi.o)
                0x000000000000051c                __fixdfsi
                0x000000000000051c                __aeabi_d2iz
 *(.text.*)
 .text.settings_sync_error_callback
                0x000000000000056c        0x2 src/Xperience.c.7.o
 *fill*         0x000000000000056e        0x2 
 .text.determineScreenCoordinates
                0x0000000000000570      0x210 src/Xperience.c.7.o
 .text.updateDigits
                0x0000000000000780      0x580 src/Xperience.c.7.o
 .text.handle_bluetooth
                0x0000000000000d00       0x18 src/Xperience.c.7.o
 .text.handle_battery
                0x0000000000000d18       0x40 src/Xperience.c.7.o
 .text.timeChanged
                0x0000000000000d58      0x100 src/Xperience.c.7.o
                0x0000000000000d58                timeChanged
 .text.settings_sync_tuple_changed_callback
                0x0000000000000e58      0x1dc src/Xperience.c.7.o
 .text.window_unload
                0x0000000000001034       0x30 src/Xperience.c.7.o
 .text.window_load
                0x0000000000001064       0xbc src/Xperience.c.7.o
 .text.draw_graphics
                0x0000000000001120       0xa8 src/Xperience.c.7.o
 .text.bluetooth_update_proc
                0x00000000000011c8      0x16c src/Xperience.c.7.o
 .text.battery_update_proc
                0x0000000000001334      0x174 src/Xperience.c.7.o
 .text.startup.main
                0x00000000000014a8      0x1c4 src/Xperience.c.7.o
                0x00000000000014a8                main
 .text.app_event_loop
                0x000000000000166c        0xc /Users/wolfgangmeyerle/pebble-dev/PebbleSDK-2.0.2/Pebble/lib/libpebble.a(tmpMw9aXupebble.o)
                0x000000000000166c                app_event_loop
 .text.app_log  0x0000000000001678        0xc /Users/wolfgangmeyerle/pebble-dev/PebbleSDK-2.0.2/Pebble/lib/libpebble.a(tmpMw9aXupebble.o)
                0x0000000000001678                app_log
 .text.app_message_open
                0x0000000000001684        0xc /Users/wolfgangmeyerle/pebble-dev/PebbleSDK-2.0.2/Pebble/lib/libpebble.a(tmpMw9aXupebble.o)
                0x0000000000001684                app_message_open
 .text.app_sync_init
                0x0000000000001690        0xc /Users/wolfgangmeyerle/pebble-dev/PebbleSDK-2.0.2/Pebble/lib/libpebble.a(tmpMw9aXupebble.o)
                0x0000000000001690                app_sync_init
 .text.battery_state_service_peek
                0x000000000000169c        0xc /Users/wolfgangmeyerle/pebble-dev/PebbleSDK-2.0.2/Pebble/lib/libpebble.a(tmpMw9aXupebble.o)
                0x000000000000169c                battery_state_service_peek
 .text.battery_state_service_subscribe
                0x00000000000016a8        0xc /Users/wolfgangmeyerle/pebble-dev/PebbleSDK-2.0.2/Pebble/lib/libpebble.a(tmpMw9aXupebble.o)
                0x00000000000016a8                battery_state_service_subscribe
 .text.battery_state_service_unsubscribe
                0x00000000000016b4        0xc /Users/wolfgangmeyerle/pebble-dev/PebbleSDK-2.0.2/Pebble/lib/libpebble.a(tmpMw9aXupebble.o)
                0x00000000000016b4                battery_state_service_unsubscribe
 .text.bluetooth_connection_service_peek
                0x00000000000016c0        0xc /Users/wolfgangmeyerle/pebble-dev/PebbleSDK-2.0.2/Pebble/lib/libpebble.a(tmpMw9aXupebble.o)
                0x00000000000016c0                bluetooth_connection_service_peek
 .text.bluetooth_connection_service_subscribe
                0x00000000000016cc        0xc /Users/wolfgangmeyerle/pebble-dev/PebbleSDK-2.0.2/Pebble/lib/libpebble.a(tmpMw9aXupebble.o)
                0x00000000000016cc                bluetooth_connection_service_subscribe
 .text.bluetooth_connection_service_unsubscribe
                0x00000000000016d8        0xc /Users/wolfgangmeyerle/pebble-dev/PebbleSDK-2.0.2/Pebble/lib/libpebble.a(tmpMw9aXupebble.o)
                0x00000000000016d8                bluetooth_connection_service_unsubscribe
 .text.dict_calc_buffer_size_from_tuplets
                0x00000000000016e4        0xc /Users/wolfgangmeyerle/pebble-dev/PebbleSDK-2.0.2/Pebble/lib/libpebble.a(tmpMw9aXupebble.o)
                0x00000000000016e4                dict_calc_buffer_size_from_tuplets
 .text.gpath_create
                0x00000000000016f0        0xc /Users/wolfgangmeyerle/pebble-dev/PebbleSDK-2.0.2/Pebble/lib/libpebble.a(tmpMw9aXupebble.o)
                0x00000000000016f0                gpath_create
 .text.gpath_destroy
                0x00000000000016fc        0xc /Users/wolfgangmeyerle/pebble-dev/PebbleSDK-2.0.2/Pebble/lib/libpebble.a(tmpMw9aXupebble.o)
                0x00000000000016fc                gpath_destroy
 .text.gpath_draw_filled
                0x0000000000001708        0xc /Users/wolfgangmeyerle/pebble-dev/PebbleSDK-2.0.2/Pebble/lib/libpebble.a(tmpMw9aXupebble.o)
                0x0000000000001708                gpath_draw_filled
 .text.gpath_draw_outline
                0x0000000000001714        0xc /Users/wolfgangmeyerle/pebble-dev/PebbleSDK-2.0.2/Pebble/lib/libpebble.a(tmpMw9aXupebble.o)
                0x0000000000001714                gpath_draw_outline
 .text.graphics_context_set_fill_color
                0x0000000000001720        0xc /Users/wolfgangmeyerle/pebble-dev/PebbleSDK-2.0.2/Pebble/lib/libpebble.a(tmpMw9aXupebble.o)
                0x0000000000001720                graphics_context_set_fill_color
 .text.graphics_context_set_stroke_color
                0x000000000000172c        0xc /Users/wolfgangmeyerle/pebble-dev/PebbleSDK-2.0.2/Pebble/lib/libpebble.a(tmpMw9aXupebble.o)
                0x000000000000172c                graphics_context_set_stroke_color
 .text.graphics_draw_rect
                0x0000000000001738        0xc /Users/wolfgangmeyerle/pebble-dev/PebbleSDK-2.0.2/Pebble/lib/libpebble.a(tmpMw9aXupebble.o)
                0x0000000000001738                graphics_draw_rect
 .text.graphics_fill_rect
                0x0000000000001744        0xc /Users/wolfgangmeyerle/pebble-dev/PebbleSDK-2.0.2/Pebble/lib/libpebble.a(tmpMw9aXupebble.o)
                0x0000000000001744                graphics_fill_rect
 .text.layer_add_child
                0x0000000000001750        0xc /Users/wolfgangmeyerle/pebble-dev/PebbleSDK-2.0.2/Pebble/lib/libpebble.a(tmpMw9aXupebble.o)
                0x0000000000001750                layer_add_child
 .text.layer_create
                0x000000000000175c        0xc /Users/wolfgangmeyerle/pebble-dev/PebbleSDK-2.0.2/Pebble/lib/libpebble.a(tmpMw9aXupebble.o)
                0x000000000000175c                layer_create
 .text.layer_destroy
                0x0000000000001768        0xc /Users/wolfgangmeyerle/pebble-dev/PebbleSDK-2.0.2/Pebble/lib/libpebble.a(tmpMw9aXupebble.o)
                0x0000000000001768                layer_destroy
 .text.layer_get_bounds
                0x0000000000001774        0xc /Users/wolfgangmeyerle/pebble-dev/PebbleSDK-2.0.2/Pebble/lib/libpebble.a(tmpMw9aXupebble.o)
                0x0000000000001774                layer_get_bounds
 .text.layer_mark_dirty
                0x0000000000001780        0xc /Users/wolfgangmeyerle/pebble-dev/PebbleSDK-2.0.2/Pebble/lib/libpebble.a(tmpMw9aXupebble.o)
                0x0000000000001780                layer_mark_dirty
 .text.layer_set_update_proc
                0x000000000000178c        0xc /Users/wolfgangmeyerle/pebble-dev/PebbleSDK-2.0.2/Pebble/lib/libpebble.a(tmpMw9aXupebble.o)
                0x000000000000178c                layer_set_update_proc
 .text.localtime
                0x0000000000001798        0xc /Users/wolfgangmeyerle/pebble-dev/PebbleSDK-2.0.2/Pebble/lib/libpebble.a(tmpMw9aXupebble.o)
                0x0000000000001798                localtime
 .text.memset   0x00000000000017a4        0xc /Users/wolfgangmeyerle/pebble-dev/PebbleSDK-2.0.2/Pebble/lib/libpebble.a(tmpMw9aXupebble.o)
                0x00000000000017a4                memset
 .text.tick_timer_service_subscribe
                0x00000000000017b0        0xc /Users/wolfgangmeyerle/pebble-dev/PebbleSDK-2.0.2/Pebble/lib/libpebble.a(tmpMw9aXupebble.o)
                0x00000000000017b0                tick_timer_service_subscribe
 .text.tick_timer_service_unsubscribe
                0x00000000000017bc        0xc /Users/wolfgangmeyerle/pebble-dev/PebbleSDK-2.0.2/Pebble/lib/libpebble.a(tmpMw9aXupebble.o)
                0x00000000000017bc                tick_timer_service_unsubscribe
 .text.time     0x00000000000017c8        0xc /Users/wolfgangmeyerle/pebble-dev/PebbleSDK-2.0.2/Pebble/lib/libpebble.a(tmpMw9aXupebble.o)
                0x00000000000017c8                time
 .text.window_create
                0x00000000000017d4        0xc /Users/wolfgangmeyerle/pebble-dev/PebbleSDK-2.0.2/Pebble/lib/libpebble.a(tmpMw9aXupebble.o)
                0x00000000000017d4                window_create
 .text.window_destroy
                0x00000000000017e0        0xc /Users/wolfgangmeyerle/pebble-dev/PebbleSDK-2.0.2/Pebble/lib/libpebble.a(tmpMw9aXupebble.o)
                0x00000000000017e0                window_destroy
 .text.window_get_root_layer
                0x00000000000017ec        0xc /Users/wolfgangmeyerle/pebble-dev/PebbleSDK-2.0.2/Pebble/lib/libpebble.a(tmpMw9aXupebble.o)
                0x00000000000017ec                window_get_root_layer
 .text.window_set_background_color
                0x00000000000017f8        0xc /Users/wolfgangmeyerle/pebble-dev/PebbleSDK-2.0.2/Pebble/lib/libpebble.a(tmpMw9aXupebble.o)
                0x00000000000017f8                window_set_background_color
 .text.window_set_fullscreen
                0x0000000000001804        0xc /Users/wolfgangmeyerle/pebble-dev/PebbleSDK-2.0.2/Pebble/lib/libpebble.a(tmpMw9aXupebble.o)
                0x0000000000001804                window_set_fullscreen
 .text.window_set_window_handlers
                0x0000000000001810        0xc /Users/wolfgangmeyerle/pebble-dev/PebbleSDK-2.0.2/Pebble/lib/libpebble.a(tmpMw9aXupebble.o)
                0x0000000000001810                window_set_window_handlers
 .text.window_stack_push
                0x000000000000181c        0xc /Users/wolfgangmeyerle/pebble-dev/PebbleSDK-2.0.2/Pebble/lib/libpebble.a(tmpMw9aXupebble.o)
                0x000000000000181c                window_stack_push
 *(.rodata)
 .rodata        0x0000000000001828       0x88 src/Xperience.c.7.o
 *(.rodata*)
 .rodata.str1.1
                0x00000000000018b0      0x145 src/Xperience.c.7.o

.glue_7         0x00000000000019f8        0x0
 .glue_7        0x0000000000000000        0x0 linker stubs

.glue_7t        0x00000000000019f8        0x0
 .glue_7t       0x0000000000000000        0x0 linker stubs

.vfp11_veneer   0x00000000000019f8        0x0
 .vfp11_veneer  0x0000000000000000        0x0 linker stubs

.v4_bx          0x00000000000019f8        0x0
 .v4_bx         0x0000000000000000        0x0 linker stubs

.iplt           0x00000000000019f8        0x0
 .iplt          0x0000000000000000        0x0 /Users/wolfgangmeyerle/pebble-dev/PebbleSDK-2.0.2/arm-cs-tools/bin/../lib/gcc/arm-none-eabi/4.7.2/thumb2/crtbegin.o

.rel.dyn        0x00000000000019f8        0x0
 .rel.iplt      0x0000000000000000        0x0 /Users/wolfgangmeyerle/pebble-dev/PebbleSDK-2.0.2/arm-cs-tools/bin/../lib/gcc/arm-none-eabi/4.7.2/thumb2/crtbegin.o

.data           0x00000000000019f8      0x5c0
 *(.data)
 .data          0x00000000000019f8        0x0 /Users/wolfgangmeyerle/pebble-dev/PebbleSDK-2.0.2/arm-cs-tools/bin/../lib/gcc/arm-none-eabi/4.7.2/thumb2/crti.o
 .data          0x00000000000019f8        0x4 /Users/wolfgangmeyerle/pebble-dev/PebbleSDK-2.0.2/arm-cs-tools/bin/../lib/gcc/arm-none-eabi/4.7.2/thumb2/crtbegin.o
                0x00000000000019f8                __dso_handle
 .data          0x00000000000019fc        0x0 src/Xperience.c.7.o
 .data          0x00000000000019fc        0x0 appinfo.auto.c.7.o
 .data          0x00000000000019fc        0x0 /Users/wolfgangmeyerle/pebble-dev/PebbleSDK-2.0.2/Pebble/lib/libpebble.a(tmpMw9aXupebble.o)
 .data          0x00000000000019fc        0x0 /Users/wolfgangmeyerle/pebble-dev/PebbleSDK-2.0.2/arm-cs-tools/bin/../lib/gcc/arm-none-eabi/4.7.2/thumb2/libgcc.a(_arm_addsubdf3.o)
 .data          0x00000000000019fc        0x0 /Users/wolfgangmeyerle/pebble-dev/PebbleSDK-2.0.2/arm-cs-tools/bin/../lib/gcc/arm-none-eabi/4.7.2/thumb2/libgcc.a(_arm_cmpdf2.o)
 .data          0x00000000000019fc        0x0 /Users/wolfgangmeyerle/pebble-dev/PebbleSDK-2.0.2/arm-cs-tools/bin/../lib/gcc/arm-none-eabi/4.7.2/thumb2/libgcc.a(_arm_fixdfsi.o)
 .data          0x00000000000019fc        0x0 /Users/wolfgangmeyerle/pebble-dev/PebbleSDK-2.0.2/arm-cs-tools/bin/../lib/gcc/arm-none-eabi/4.7.2/thumb2/crtend.o
 .data          0x00000000000019fc        0x0 /Users/wolfgangmeyerle/pebble-dev/PebbleSDK-2.0.2/arm-cs-tools/bin/../lib/gcc/arm-none-eabi/4.7.2/thumb2/crtn.o
 *(.data.*)
 .data.minuteDigitsOnes
                0x00000000000019fc       0xf0 src/Xperience.c.7.o
                0x00000000000019fc                minuteDigitsOnes
 .data.hourDigitsTens
                0x0000000000001aec       0x48 src/Xperience.c.7.o
                0x0000000000001aec                hourDigitsTens
 .data.hourDigitsOnes
                0x0000000000001b34       0xf0 src/Xperience.c.7.o
                0x0000000000001b34                hourDigitsOnes
 .data.minuteDigitsTens
                0x0000000000001c24       0x90 src/Xperience.c.7.o
                0x0000000000001c24                minuteDigitsTens
 *fill*         0x0000000000001cb4        0x4 
 .data.clockFaces
                0x0000000000001cb8      0x300 src/Xperience.c.7.o

.igot.plt       0x0000000000001fb8        0x0
 .igot.plt      0x0000000000000000        0x0 /Users/wolfgangmeyerle/pebble-dev/PebbleSDK-2.0.2/arm-cs-tools/bin/../lib/gcc/arm-none-eabi/4.7.2/thumb2/crtbegin.o

.bss            0x0000000000001fb8      0x3a4
 *(.bss)
 *(.bss.*)
 .bss.calculatedFaceDigitPaths
                0x0000000000001fb8       0x60 src/Xperience.c.7.o
 .bss.last_bluetooth
                0x0000000000002018        0x1 src/Xperience.c.7.o
 *fill*         0x0000000000002019        0x3 
 .bss.DIGIT_SPACING
                0x000000000000201c        0x4 src/Xperience.c.7.o
 .bss.settings_sync
                0x0000000000002020       0x20 src/Xperience.c.7.o
 .bss.facesDigitsPoints
                0x0000000000002040      0x1e0 src/Xperience.c.7.o
 .bss.settings  0x0000000000002220        0x1 src/Xperience.c.7.o
 *fill*         0x0000000000002221        0x3 
 .bss.battery_layer
                0x0000000000002224        0x4 src/Xperience.c.7.o
 .bss.DIGIT_SIZE
                0x0000000000002228        0x4 src/Xperience.c.7.o
 .bss.USE_24H_CLOCK
                0x000000000000222c        0x1 src/Xperience.c.7.o
 .bss.settings_sync_buffer
                0x000000000000222d       0x3e src/Xperience.c.7.o
 *fill*         0x000000000000226b        0x1 
 .bss.window    0x000000000000226c        0x4 src/Xperience.c.7.o
 .bss.graphicslayer
                0x0000000000002270        0x4 src/Xperience.c.7.o
 .bss.selectedDigits
                0x0000000000002274       0x18 src/Xperience.c.7.o
 .bss.lastBatStatSummary
                0x000000000000228c        0x4 src/Xperience.c.7.o
 .bss.facesDigits
                0x0000000000002290       0xc0 src/Xperience.c.7.o
 .bss.debugLayer
                0x0000000000002350        0x4 src/Xperience.c.7.o
 .bss.bluetooth_layer
                0x0000000000002354        0x4 src/Xperience.c.7.o
 .bss.debugCtx  0x0000000000002358        0x4 src/Xperience.c.7.o

DISCARD
 libc.a(*)
 libm.a(*)
 libgcc.a(*)
 *(.eh_frame)
OUTPUT(/Users/wolfgangmeyerle/Documents/PebbleDev/Projects/XPerience/build/pebble-app.elf elf32-littlearm)

.ARM.attributes
                0x0000000000000000       0x27
 .ARM.attributes
                0x0000000000000000       0x19 /Users/wolfgangmeyerle/pebble-dev/PebbleSDK-2.0.2/arm-cs-tools/bin/../lib/gcc/arm-none-eabi/4.7.2/thumb2/crti.o
 .ARM.attributes
                0x0000000000000019       0x29 /Users/wolfgangmeyerle/pebble-dev/PebbleSDK-2.0.2/arm-cs-tools/bin/../lib/gcc/arm-none-eabi/4.7.2/thumb2/crtbegin.o
 .ARM.attributes
                0x0000000000000042       0x33 src/Xperience.c.7.o
 .ARM.attributes
                0x0000000000000075       0x33 appinfo.auto.c.7.o
 .ARM.attributes
                0x00000000000000a8       0x21 /Users/wolfgangmeyerle/pebble-dev/PebbleSDK-2.0.2/Pebble/lib/libpebble.a(tmpMw9aXupebble.o)
 .ARM.attributes
                0x00000000000000c9       0x19 /Users/wolfgangmeyerle/pebble-dev/PebbleSDK-2.0.2/arm-cs-tools/bin/../lib/gcc/arm-none-eabi/4.7.2/thumb2/libgcc.a(_arm_addsubdf3.o)
 .ARM.attributes
                0x00000000000000e2       0x19 /Users/wolfgangmeyerle/pebble-dev/PebbleSDK-2.0.2/arm-cs-tools/bin/../lib/gcc/arm-none-eabi/4.7.2/thumb2/libgcc.a(_arm_cmpdf2.o)
 .ARM.attributes
                0x00000000000000fb       0x19 /Users/wolfgangmeyerle/pebble-dev/PebbleSDK-2.0.2/arm-cs-tools/bin/../lib/gcc/arm-none-eabi/4.7.2/thumb2/libgcc.a(_arm_fixdfsi.o)
 .ARM.attributes
                0x0000000000000114       0x29 /Users/wolfgangmeyerle/pebble-dev/PebbleSDK-2.0.2/arm-cs-tools/bin/../lib/gcc/arm-none-eabi/4.7.2/thumb2/crtend.o
 .ARM.attributes
                0x000000000000013d       0x19 /Users/wolfgangmeyerle/pebble-dev/PebbleSDK-2.0.2/arm-cs-tools/bin/../lib/gcc/arm-none-eabi/4.7.2/thumb2/crtn.o

.comment        0x0000000000000000       0x4e
 .comment       0x0000000000000000       0x4e /Users/wolfgangmeyerle/pebble-dev/PebbleSDK-2.0.2/arm-cs-tools/bin/../lib/gcc/arm-none-eabi/4.7.2/thumb2/crtbegin.o
                                         0x4f (size before relaxing)
 .comment       0x0000000000000000       0x4f src/Xperience.c.7.o
 .comment       0x0000000000000000       0x4f appinfo.auto.c.7.o
 .comment       0x0000000000000000       0x4f /Users/wolfgangmeyerle/pebble-dev/PebbleSDK-2.0.2/arm-cs-tools/bin/../lib/gcc/arm-none-eabi/4.7.2/thumb2/crtend.o

.debug_info     0x0000000000000000     0x24b6
 .debug_info    0x0000000000000000     0x1f38 src/Xperience.c.7.o
 .debug_info    0x0000000000001f38      0x353 appinfo.auto.c.7.o
 .debug_info    0x000000000000228b       0xb9 /Users/wolfgangmeyerle/pebble-dev/PebbleSDK-2.0.2/arm-cs-tools/bin/../lib/gcc/arm-none-eabi/4.7.2/thumb2/libgcc.a(_arm_addsubdf3.o)
 .debug_info    0x0000000000002344       0xb9 /Users/wolfgangmeyerle/pebble-dev/PebbleSDK-2.0.2/arm-cs-tools/bin/../lib/gcc/arm-none-eabi/4.7.2/thumb2/libgcc.a(_arm_cmpdf2.o)
 .debug_info    0x00000000000023fd       0xb9 /Users/wolfgangmeyerle/pebble-dev/PebbleSDK-2.0.2/arm-cs-tools/bin/../lib/gcc/arm-none-eabi/4.7.2/thumb2/libgcc.a(_arm_fixdfsi.o)

.debug_abbrev   0x0000000000000000      0x52f
 .debug_abbrev  0x0000000000000000      0x43f src/Xperience.c.7.o
 .debug_abbrev  0x000000000000043f       0xb4 appinfo.auto.c.7.o
 .debug_abbrev  0x00000000000004f3       0x14 /Users/wolfgangmeyerle/pebble-dev/PebbleSDK-2.0.2/arm-cs-tools/bin/../lib/gcc/arm-none-eabi/4.7.2/thumb2/libgcc.a(_arm_addsubdf3.o)
 .debug_abbrev  0x0000000000000507       0x14 /Users/wolfgangmeyerle/pebble-dev/PebbleSDK-2.0.2/arm-cs-tools/bin/../lib/gcc/arm-none-eabi/4.7.2/thumb2/libgcc.a(_arm_cmpdf2.o)
 .debug_abbrev  0x000000000000051b       0x14 /Users/wolfgangmeyerle/pebble-dev/PebbleSDK-2.0.2/arm-cs-tools/bin/../lib/gcc/arm-none-eabi/4.7.2/thumb2/libgcc.a(_arm_fixdfsi.o)

.debug_loc      0x0000000000000000      0xc0b
 .debug_loc     0x0000000000000000      0xc0b src/Xperience.c.7.o

.debug_aranges  0x0000000000000000       0xf8
 .debug_aranges
                0x0000000000000000       0x80 src/Xperience.c.7.o
 .debug_aranges
                0x0000000000000080       0x18 appinfo.auto.c.7.o
 .debug_aranges
                0x0000000000000098       0x20 /Users/wolfgangmeyerle/pebble-dev/PebbleSDK-2.0.2/arm-cs-tools/bin/../lib/gcc/arm-none-eabi/4.7.2/thumb2/libgcc.a(_arm_addsubdf3.o)
 .debug_aranges
                0x00000000000000b8       0x20 /Users/wolfgangmeyerle/pebble-dev/PebbleSDK-2.0.2/arm-cs-tools/bin/../lib/gcc/arm-none-eabi/4.7.2/thumb2/libgcc.a(_arm_cmpdf2.o)
 .debug_aranges
                0x00000000000000d8       0x20 /Users/wolfgangmeyerle/pebble-dev/PebbleSDK-2.0.2/arm-cs-tools/bin/../lib/gcc/arm-none-eabi/4.7.2/thumb2/libgcc.a(_arm_fixdfsi.o)

.debug_ranges   0x0000000000000000      0x398
 .debug_ranges  0x0000000000000000      0x398 src/Xperience.c.7.o

.debug_line     0x0000000000000000      0xb94
 .debug_line    0x0000000000000000      0x6c8 src/Xperience.c.7.o
 .debug_line    0x00000000000006c8      0x130 appinfo.auto.c.7.o
 .debug_line    0x00000000000007f8      0x20a /Users/wolfgangmeyerle/pebble-dev/PebbleSDK-2.0.2/arm-cs-tools/bin/../lib/gcc/arm-none-eabi/4.7.2/thumb2/libgcc.a(_arm_addsubdf3.o)
 .debug_line    0x0000000000000a02      0x10c /Users/wolfgangmeyerle/pebble-dev/PebbleSDK-2.0.2/arm-cs-tools/bin/../lib/gcc/arm-none-eabi/4.7.2/thumb2/libgcc.a(_arm_cmpdf2.o)
 .debug_line    0x0000000000000b0e       0x86 /Users/wolfgangmeyerle/pebble-dev/PebbleSDK-2.0.2/arm-cs-tools/bin/../lib/gcc/arm-none-eabi/4.7.2/thumb2/libgcc.a(_arm_fixdfsi.o)

.debug_str      0x0000000000000000     0x1113
 .debug_str     0x0000000000000000      0xf19 src/Xperience.c.7.o
                                        0xff3 (size before relaxing)
 .debug_str     0x0000000000000f19      0x1fa appinfo.auto.c.7.o
                                        0x320 (size before relaxing)

.debug_frame    0x0000000000000000      0x198
 .debug_frame   0x0000000000000000      0x198 src/Xperience.c.7.o
